// Vitest Snapshot v1, https://vitest.dev/guide/snapshot.html

exports[`exports.categories 1`] = `
{
  "CLASH": "Clash",
  "LOON": "Loon",
  "QUANTUMULT_X": "Quantumult X",
  "QUANTUMULT_X_FILTER": "Quantumult X Filter",
  "QUANTUMULT_X_REWRITE": "Quantumult X Rewrite",
  "QUANTUMULT_X_SERVER": "Quantumult X Server",
  "SNIPPET": "Snippet",
  "SURFBOARD": "Surfboard",
  "SURGE": "Surge",
}
`;

exports[`exports.define* 1`] = `
[
  "defineSurgioConfig",
  "defineClashProvider",
  "defineCustomProvider",
  "defineShadowsocksJsonSubscribeProvider",
  "defineShadowsocksSubscribeProvider",
  "defineShadowsocksrSubscribeProvider",
  "defineSsdProvider",
  "defineTrojanProvider",
  "defineV2rayNSubscribeProvider",
]
`;

exports[`exports.utils 1`] = `
{
  "anytlsFilter": [Function],
  "applyFilter": [Function],
  "chinaBackFilter": [Function],
  "chinaOutFilter": [Function],
  "discardGlob": [Function],
  "discardKeywords": [Function],
  "discardProviders": [Function],
  "germanyFilter": [Function],
  "hkFilter": [Function],
  "httpFilter": [Function],
  "httpsFilter": [Function],
  "hysteria2Filter": [Function],
  "isAWS": [Function],
  "isAWSLambda": [Function],
  "isClash": [Function],
  "isClashMetaForAndroid": [Function],
  "isClashVerge": [Function],
  "isFlyIO": [Function],
  "isGitHubActions": [Function],
  "isGitLabCI": [Function],
  "isHeroku": [Function],
  "isLoon": [Function],
  "isNetlify": [Function],
  "isNow": [Function],
  "isQuantumultX": [Function],
  "isRailway": [Function],
  "isShadowrocket": [Function],
  "isStash": [Function],
  "isSurgeIOS": [Function],
  "isSurgeMac": [Function],
  "isVercel": [Function],
  "japanFilter": [Function],
  "koreaFilter": [Function],
  "matchGlob": [Function],
  "mergeFilters": [Function],
  "mergeReversedFilters": [Function],
  "mergeSortedFilters": [Function],
  "netflixFilter": [Function],
  "reverseFilter": [Function],
  "shadowsocksFilter": [Function],
  "shadowsocksrFilter": [Function],
  "singaporeFilter": [Function],
  "snellFilter": [Function],
  "socks5Filter": [Function],
  "tailscaleFilter": [Function],
  "taiwanFilter": [Function],
  "trojanFilter": [Function],
  "tuicFilter": [Function],
  "usFilter": [Function],
  "useGlob": [Function],
  "useKeywords": [Function],
  "useProviders": [Function],
  "useRegexp": [Function],
  "useSortedKeywords": [Function],
  "v2rayFilter": [Function],
  "validateFilter": [Function],
  "vlessFilter": [Function],
  "vmessFilter": [Function],
  "wireguardFilter": [Function],
  "youtubePremiumFilter": [Function],
}
`;
